// Jest Snapshot v1, https://goo.gl/fbAQLP

exports[`renders the joke app 1`] = `
<div
  className="App"
>
  <h2
    dangerouslySetInnerHTML={
      Object {
        "__html": "Q: What is a programmer's favourite hangout place?<br><br>R: Foo Bar",
      }
    }
  />
  <div
    className="claps"
  >
    <Component
      className="claps__ClapIcon"
    />
    <p>
      483
       claps
    </p>
  </div>
</div>
`;
